
通道 14  L=32  train/dev/test = 8278/2365/1183  device=cuda
  keep      seed=42    f1=0.7547 acc=0.7219 auc=0.7775
  keep      seed=123   f1=0.7459 acc=0.6889 auc=0.7733
  keep      seed=456   f1=0.7554 acc=0.7219 auc=0.7809
  keep      seed=789   f1=0.7436 acc=0.6957 auc=0.7708
  keep      seed=2024  f1=0.7543 acc=0.7109 auc=0.7772
  keep      seed=7     f1=0.7401 acc=0.6991 auc=0.7692
  keep      seed=13    f1=0.7413 acc=0.7033 auc=0.7770
  keep      seed=99    f1=0.7554 acc=0.7109 auc=0.7722
  keep      seed=2025  f1=0.7446 acc=0.7025 auc=0.7755
  keep      seed=314   f1=0.7383 acc=0.6788 auc=0.7763
  keep      seed=1618  f1=0.7408 acc=0.7084 auc=0.7708
  keep      seed=271   f1=0.7339 acc=0.6923 auc=0.7751
  keep      seed=577   f1=0.7342 acc=0.6982 auc=0.7664
  keep      seed=999   f1=0.7530 acc=0.7084 auc=0.7895
  keep      seed=8128  f1=0.7479 acc=0.7151 auc=0.7820
  keep      → {'accuracy': '70.37 ± 1.20', 'precision': '69.71 ± 1.76', 'recall': '80.23 ± 2.35', 'f1': '74.56 ± 0.76',
 'mcc': '40.16 ± 2.37', 'auc': '77.56 ± 0.57'}
  shuffle   seed=42    f1=0.7489 acc=0.7058 auc=0.7762
  shuffle   seed=123   f1=0.7453 acc=0.7025 auc=0.7811
  shuffle   seed=456   f1=0.7504 acc=0.7075 auc=0.7770
  shuffle   seed=789   f1=0.7411 acc=0.6864 auc=0.7674
  shuffle   seed=2024  f1=0.7385 acc=0.6965 auc=0.7739
  shuffle   seed=7     f1=0.7415 acc=0.7117 auc=0.7796
  shuffle   seed=13    f1=0.7455 acc=0.6999 auc=0.7753
  shuffle   seed=99    f1=0.7371 acc=0.7033 auc=0.7788
  shuffle   seed=2025  f1=0.7659 acc=0.7261 auc=0.7808
  shuffle   seed=314   f1=0.7510 acc=0.6940 auc=0.7762
  shuffle   seed=1618  f1=0.7523 acc=0.7067 auc=0.7785
  shuffle   seed=271   f1=0.7488 acc=0.6948 auc=0.7781
  shuffle   seed=577   f1=0.7441 acc=0.7151 auc=0.7792
  shuffle   seed=999   f1=0.7394 acc=0.6974 auc=0.7791
  shuffle   seed=8128  f1=0.7255 acc=0.6898 auc=0.7667
  shuffle   → {'accuracy': '70.25 ± 1.03', 'precision': '69.52 ± 1.61', 'recall': '80.39 ± 2.96', 'f1': '74.50 ± 0.90',
 'mcc': '39.94 ± 2.05', 'auc': '77.65 ± 0.43'}
  reverse   seed=42    f1=0.7516 acc=0.7084 auc=0.7799
  reverse   seed=123   f1=0.7467 acc=0.6932 auc=0.7740
  reverse   seed=456   f1=0.7406 acc=0.7033 auc=0.7756
  reverse   seed=789   f1=0.7370 acc=0.6881 auc=0.7605
  reverse   seed=2024  f1=0.7481 acc=0.6982 auc=0.7795
  reverse   seed=7     f1=0.7415 acc=0.6965 auc=0.7660
  reverse   seed=13    f1=0.7371 acc=0.6932 auc=0.7746
  reverse   seed=99    f1=0.7439 acc=0.7067 auc=0.7714
  reverse   seed=2025  f1=0.7432 acc=0.7067 auc=0.7693
  reverse   seed=314   f1=0.7391 acc=0.6855 auc=0.7701
  reverse   seed=1618  f1=0.7429 acc=0.7092 auc=0.7728
  reverse   seed=271   f1=0.7389 acc=0.7008 auc=0.7669
  reverse   seed=577   f1=0.7333 acc=0.6957 auc=0.7642
  reverse   seed=999   f1=0.7607 acc=0.7177 auc=0.7897
  reverse   seed=8128  f1=0.7410 acc=0.7075 auc=0.7818
  reverse   → {'accuracy': '70.07 ± 0.88', 'precision': '69.42 ± 1.34', 'recall': '80.01 ± 2.21', 'f1': '74.31 ± 0.67',
 'mcc': '39.52 ± 1.78', 'auc': '77.31 ± 0.76'}
  keep      F1 74.56 ± 0.76     Acc 70.37 ± 1.20     AUC 77.56 ± 0.57
  shuffle   F1 74.50 ± 0.90     Acc 70.25 ± 1.03     AUC 77.65 ± 0.43
  reverse   F1 74.31 ± 0.67     Acc 70.07 ± 0.88     AUC 77.31 ± 0.76
配对 t 检验 (F1, keep vs 对照)
  keep vs shuffle   ΔF1 = +0.05  t=+0.157  p=0.8772  [不显著]
  keep vs reverse   ΔF1 = +0.25  t=+1.612  p=0.1292  [不显著]
判定：若 keep vs shuffle 不显著 → 顺序无判别信息，微观分支叙事不成立。


